2026-10-05 22:18:06 INFO  TC_RF_001:180 - Chrome Driver Opening...!
2026-10-05 22:18:37 INFO  TC_RF_001:180 - Charome Driver Opened...!
2026-10-05 22:18:40 INFO  TC_RF_001:180 - Navigating to target application home page.
2026-10-05 22:18:40 INFO  TC_RF_001:180 - Clicking on the 'My Account' dropdown navigation header.
2026-10-05 22:18:41 INFO  TC_RF_001:180 - Selecting the 'Register' account redirection link.
2026-10-05 22:18:42 INFO  RegisterAccountPage:72 - Register Account
2026-10-05 22:18:42 INFO  TC_RF_001:180 - Successfully navigated to Register Account Page...!
2026-10-05 22:18:45 INFO  TC_RF_001:180 - Account Registration Completed for New User.
2026-10-05 22:18:46 INFO  TC_RF_001:180 - User Successfully Logged out..!
2026-10-05 22:18:50 INFO  TC_RF_001:180 - ChromeDriver: chrome on windows (null) -- Driver is closed Successfully...!
2026-10-05 22:18:50 INFO  TC_RF_003:180 - Chrome Driver Opening...!
2026-10-05 22:18:52 INFO  TC_RF_003:180 - Charome Driver Opened...!
2026-10-05 22:18:58 INFO  TC_RF_003:180 - User Clicked on 'My Account' Dropdown
2026-10-05 22:18:59 INFO  TC_RF_003:180 - Navigating to the Register Account Page.
2026-10-05 22:18:59 INFO  RegisterAccountPage:72 - Register Account
2026-10-05 22:18:59 INFO  TC_RF_003:180 - Successfully navigated to Register Account Page...!
2026-10-05 22:19:00 INFO  TC_RF_003:180 - Entered All Mandatory Details...!
2026-10-05 22:19:02 INFO  TC_RF_003:180 - Account Confirmation Page Displayed...!
2026-10-05 22:19:03 INFO  TC_RF_003:180 - Navigating to the 'My Account' Page.
2026-10-05 22:19:03 INFO  TC_RF_003:180 - Successfully Navigated to 'My Account' Page
2026-10-05 22:19:03 INFO  TC_RF_003:180 - Successfully Logged Out...!
2026-10-05 22:19:04 INFO  TC_RF_003:180 - ChromeDriver: chrome on windows (null) -- Driver is closed Successfully...!
2026-10-05 22:19:04 INFO  TC_RF_004:180 - Chrome Driver Opening...!
2026-10-05 22:19:06 INFO  TC_RF_004:180 - Charome Driver Opened...!
2026-10-05 22:19:11 INFO  TC_RF_004:180 - Navigating to the Target Application Home Page
2026-10-05 22:19:12 INFO  TC_RF_004:180 - User clicked on MyAccount Dropdown
2026-10-05 22:19:12 INFO  TC_RF_004:180 - Navigating to the Register Account Page.
2026-10-05 22:19:12 INFO  RegisterAccountPage:72 - Register Account
2026-10-05 22:19:12 INFO  TC_RF_004:180 - Validating warning messages for Respective fields: 
2026-10-05 22:19:13 INFO  RegisterAccountPage:164 - Privacy Policy Banner vertical X-coordinate position is: 105
2026-10-05 22:19:13 INFO  RegisterAccountPage:165 - Privacy Policy Banner vertical Y-coordinate position is: 250
2026-10-05 22:19:13 INFO  TC_RF_004:180 - Validation of warning messages completed successfully for all respective fields.
2026-10-05 22:19:14 INFO  TC_RF_004:180 - ChromeDriver: chrome on windows (null) -- Driver is closed Successfully...!
2026-10-05 22:43:40 INFO  TC_RF_001:178 - Chrome Driver Initialization completed successfully.
2026-10-05 22:43:43 INFO  TC_RF_001:178 - Navigating to target application home page.
2026-10-05 22:43:43 INFO  TC_RF_001:178 - Clicking on the 'My Account' dropdown navigation header.
2026-10-05 22:43:44 INFO  TC_RF_001:178 - Selecting the 'Register' account redirection link.
2026-10-05 22:43:44 INFO  RegisterAccountPage:72 - Register Account
2026-10-05 22:43:44 INFO  TC_RF_001:178 - Successfully navigated to Register Account Page...!
2026-10-05 22:43:48 INFO  TC_RF_001:178 - Account Registration Completed for New User.
2026-10-05 22:43:49 INFO  TC_RF_001:178 - User Successfully Logged out..!
2026-10-05 22:43:49 INFO  TC_RF_001:178 - ChromeDriver: chrome on windows (null) -- Driver is closed Successfully...!
2026-10-05 22:43:52 INFO  TC_RF_003:178 - Chrome Driver Initialization completed successfully.
2026-10-05 22:43:56 INFO  TC_RF_003:178 - User Clicked on 'My Account' Dropdown
2026-10-05 22:43:57 INFO  TC_RF_003:178 - Navigating to the Register Account Page.
2026-10-05 22:43:57 INFO  RegisterAccountPage:72 - Register Account
2026-10-05 22:43:57 INFO  TC_RF_003:178 - Successfully navigated to Register Account Page...!
2026-10-05 22:43:58 INFO  TC_RF_003:178 - Entered All Mandatory Details...!
2026-10-05 22:43:59 INFO  TC_RF_003:178 - Account Confirmation Page Displayed...!
2026-10-05 22:44:00 INFO  TC_RF_003:178 - Navigating to the 'My Account' Page.
2026-10-05 22:44:00 INFO  TC_RF_003:178 - Successfully Navigated to 'My Account' Page
2026-10-05 22:44:00 INFO  TC_RF_003:178 - Successfully Logged Out...!
2026-10-05 22:44:01 INFO  TC_RF_003:178 - ChromeDriver: chrome on windows (null) -- Driver is closed Successfully...!
2026-10-05 22:44:03 INFO  TC_RF_004:178 - Chrome Driver Initialization completed successfully.
2026-10-05 22:44:10 INFO  TC_RF_004:178 - Navigating to the Target Application Home Page
2026-10-05 22:44:10 INFO  TC_RF_004:178 - User clicked on MyAccount Dropdown
2026-10-05 22:44:11 INFO  TC_RF_004:178 - Navigating to the Register Account Page.
2026-10-05 22:44:12 INFO  RegisterAccountPage:72 - Register Account
2026-10-05 22:44:13 INFO  TC_RF_004:178 - Validating warning messages for Respective fields: 
2026-10-05 22:44:13 INFO  RegisterAccountPage:164 - Privacy Policy Banner vertical X-coordinate position is: 105
2026-10-05 22:44:13 INFO  RegisterAccountPage:165 - Privacy Policy Banner vertical Y-coordinate position is: 250
2026-10-05 22:44:13 INFO  TC_RF_004:178 - Validation of warning messages completed successfully for all respective fields.
2026-10-05 22:44:13 INFO  TC_RF_004:178 - ChromeDriver: chrome on windows (null) -- Driver is closed Successfully...!
2026-10-05 22:50:52 INFO  TC_RF_001:178 - Chrome Driver Initialization completed successfully.
2026-10-05 22:50:56 INFO  TC_RF_001:178 - Navigating to target application home page.
2026-10-05 22:50:56 INFO  TC_RF_001:178 - Clicking on the 'My Account' dropdown navigation header.
2026-10-05 22:50:56 INFO  TC_RF_001:178 - Selecting the 'Register' account redirection link.
2026-10-05 22:50:57 INFO  RegisterAccountPage:72 - Register Account
2026-10-05 22:50:57 INFO  TC_RF_001:178 - Successfully navigated to Register Account Page...!
2026-10-05 22:51:00 INFO  TC_RF_001:178 - Account Registration Completed for New User.
2026-10-05 22:51:02 INFO  TC_RF_001:178 - User Successfully Logged out..!
2026-10-05 22:51:02 INFO  TC_RF_001:178 - ChromeDriver: chrome on windows (null) -- Driver is closed Successfully...!
2026-10-05 22:51:04 INFO  TC_RF_003:178 - Chrome Driver Initialization completed successfully.
2026-10-05 22:51:09 INFO  TC_RF_003:178 - Navigating to target application home page.
2026-10-05 22:51:09 INFO  TC_RF_003:178 - User Clicked on 'My Account' Dropdown
2026-10-05 22:51:09 INFO  TC_RF_003:178 - Navigating to the Register Account Page.
2026-10-05 22:51:10 INFO  RegisterAccountPage:72 - Register Account
2026-10-05 22:51:10 INFO  TC_RF_003:178 - Successfully navigated to Register Account Page...!
2026-10-05 22:51:11 INFO  TC_RF_003:178 - Entered All Mandatory Details...!
2026-10-05 22:51:12 INFO  TC_RF_003:178 - Account Confirmation Page Displayed...!
2026-10-05 22:51:13 INFO  TC_RF_003:178 - Navigating to the 'My Account' Page.
2026-10-05 22:51:13 INFO  TC_RF_003:178 - Successfully Navigated to 'My Account' Page
2026-10-05 22:51:13 INFO  TC_RF_003:178 - Successfully Logged Out...!
2026-10-05 22:51:14 INFO  TC_RF_003:178 - ChromeDriver: chrome on windows (null) -- Driver is closed Successfully...!
2026-10-05 22:51:16 INFO  TC_RF_004:178 - Chrome Driver Initialization completed successfully.
2026-10-05 22:51:20 INFO  TC_RF_004:178 - Navigating to the Target Application Home Page
2026-10-05 22:51:21 INFO  TC_RF_004:178 - User clicked on MyAccount Dropdown
2026-10-05 22:51:21 INFO  TC_RF_004:178 - Navigating to the Register Account Page.
2026-10-05 22:51:21 INFO  RegisterAccountPage:72 - Register Account
2026-10-05 22:51:22 INFO  TC_RF_004:178 - Validating warning messages for Respective fields: 
2026-10-05 22:51:22 INFO  RegisterAccountPage:164 - Privacy Policy Banner vertical X-coordinate position is: 105
2026-10-05 22:51:22 INFO  RegisterAccountPage:165 - Privacy Policy Banner vertical Y-coordinate position is: 250
2026-10-05 22:51:22 INFO  TC_RF_004:178 - Validation of warning messages completed successfully for all respective fields.
2026-10-05 22:51:23 INFO  TC_RF_004:178 - ChromeDriver: chrome on windows (null) -- Driver is closed Successfully...!
2026-10-05 23:01:34 INFO  TC_RF_001:63 - Chrome Driver Initialization completed successfully.
2026-10-05 23:01:40 INFO  TC_RF_001:178 - Navigating to target application home page.
2026-10-05 23:01:40 INFO  TC_RF_001:178 - Clicking on the 'My Account' dropdown navigation header.
2026-10-05 23:01:41 INFO  TC_RF_001:178 - Selecting the 'Register' account redirection link.
2026-10-05 23:01:42 INFO  RegisterAccountPage:72 - Register Account
2026-10-05 23:01:42 INFO  TC_RF_001:178 - Successfully navigated to Register Account Page...!
2026-10-05 23:01:45 INFO  TC_RF_001:178 - Account Registration Completed for New User.
2026-10-05 23:01:46 INFO  TC_RF_001:178 - User Successfully Logged out..!
2026-10-05 23:01:47 INFO  TC_RF_001:178 - ChromeDriver: chrome on windows (null) -- Driver is closed Successfully...!
2026-10-05 23:01:49 INFO  TC_RF_003:63 - Chrome Driver Initialization completed successfully.
2026-10-05 23:01:54 INFO  TC_RF_003:178 - Navigating to target application home page.
2026-10-05 23:01:55 INFO  TC_RF_003:178 - User Clicked on 'My Account' Dropdown
2026-10-05 23:01:55 INFO  TC_RF_003:178 - Navigating to the Register Account Page.
2026-10-05 23:01:55 INFO  RegisterAccountPage:72 - Register Account
2026-10-05 23:01:56 INFO  TC_RF_003:178 - Successfully navigated to Register Account Page...!
2026-10-05 23:01:57 INFO  TC_RF_003:178 - Entered All Mandatory Details...!
2026-10-05 23:01:59 INFO  TC_RF_003:178 - Account Confirmation Page Displayed...!
2026-10-05 23:01:59 INFO  TC_RF_003:178 - Navigating to the 'My Account' Page.
2026-10-05 23:01:59 INFO  TC_RF_003:178 - Successfully Navigated to 'My Account' Page
2026-10-05 23:02:00 INFO  TC_RF_003:178 - Successfully Logged Out...!
2026-10-05 23:02:00 INFO  TC_RF_003:178 - ChromeDriver: chrome on windows (null) -- Driver is closed Successfully...!
2026-10-05 23:02:03 INFO  TC_RF_004:63 - Chrome Driver Initialization completed successfully.
2026-10-05 23:02:08 INFO  TC_RF_004:178 - Navigating to the Target Application Home Page
2026-10-05 23:02:08 INFO  TC_RF_004:178 - User clicked on MyAccount Dropdown
2026-10-05 23:02:09 INFO  TC_RF_004:178 - Navigating to the Register Account Page.
2026-10-05 23:02:09 INFO  RegisterAccountPage:72 - Register Account
2026-10-05 23:02:10 INFO  TC_RF_004:178 - Validating warning messages for Respective fields: 
2026-10-05 23:02:11 INFO  RegisterAccountPage:164 - Privacy Policy Banner vertical X-coordinate position is: 105
2026-10-05 23:02:11 INFO  RegisterAccountPage:165 - Privacy Policy Banner vertical Y-coordinate position is: 250
2026-10-05 23:02:11 INFO  TC_RF_004:178 - Validation of warning messages completed successfully for all respective fields.
2026-10-05 23:02:11 INFO  TC_RF_004:178 - ChromeDriver: chrome on windows (null) -- Driver is closed Successfully...!
2026-10-05 23:06:52 INFO  TC_RF_001:178 - Chrome Driver Initialization completed successfully.
2026-10-05 23:06:56 INFO  TC_RF_001:178 - Navigating to target application home page.
2026-10-05 23:06:56 INFO  TC_RF_001:178 - Clicking on the 'My Account' dropdown navigation header.
2026-10-05 23:06:56 INFO  TC_RF_001:178 - Selecting the 'Register' account redirection link.
2026-10-05 23:06:57 INFO  RegisterAccountPage:72 - Register Account
2026-10-05 23:06:57 INFO  TC_RF_001:178 - Successfully navigated to Register Account Page...!
2026-10-05 23:07:00 INFO  TC_RF_001:178 - Account Registration Completed for New User.
2026-10-05 23:07:01 INFO  TC_RF_001:178 - User Successfully Logged out..!
2026-10-05 23:07:01 INFO  TC_RF_001:178 - ChromeDriver: chrome on windows (null) -- Driver is closed Successfully...!
2026-10-05 23:07:04 INFO  TC_RF_003:178 - Chrome Driver Initialization completed successfully.
2026-10-05 23:07:12 INFO  TC_RF_003:178 - Navigating to target application home page.
2026-10-05 23:07:12 INFO  TC_RF_003:178 - User Clicked on 'My Account' Dropdown
2026-10-05 23:07:13 INFO  TC_RF_003:178 - Navigating to the Register Account Page.
2026-10-05 23:07:13 INFO  RegisterAccountPage:72 - Register Account
2026-10-05 23:07:13 INFO  TC_RF_003:178 - Successfully navigated to Register Account Page...!
2026-10-05 23:07:14 INFO  TC_RF_003:178 - Entered All Mandatory Details...!
2026-10-05 23:07:16 INFO  TC_RF_003:178 - Account Confirmation Page Displayed...!
2026-10-05 23:07:16 INFO  TC_RF_003:178 - Navigating to the 'My Account' Page.
2026-10-05 23:07:16 INFO  TC_RF_003:178 - Successfully Navigated to 'My Account' Page
2026-10-05 23:07:17 INFO  TC_RF_003:178 - Successfully Logged Out...!
2026-10-05 23:07:17 INFO  TC_RF_003:178 - ChromeDriver: chrome on windows (null) -- Driver is closed Successfully...!
2026-10-05 23:07:21 INFO  TC_RF_004:178 - Chrome Driver Initialization completed successfully.
2026-10-05 23:07:25 INFO  TC_RF_004:178 - Navigating to the Target Application Home Page
2026-10-05 23:07:25 INFO  TC_RF_004:178 - User clicked on MyAccount Dropdown
2026-10-05 23:07:26 INFO  TC_RF_004:178 - Navigating to the Register Account Page.
2026-10-05 23:07:26 INFO  RegisterAccountPage:72 - Register Account
2026-10-05 23:07:27 INFO  TC_RF_004:178 - Validating warning messages for Respective fields: 
2026-10-05 23:07:27 INFO  RegisterAccountPage:164 - Privacy Policy Banner vertical X-coordinate position is: 105
2026-10-05 23:07:27 INFO  RegisterAccountPage:165 - Privacy Policy Banner vertical Y-coordinate position is: 250
2026-10-05 23:07:27 INFO  TC_RF_004:178 - Validation of warning messages completed successfully for all respective fields.
2026-10-05 23:07:28 INFO  TC_RF_004:178 - ChromeDriver: chrome on windows (null) -- Driver is closed Successfully...!
2026-10-05 23:10:15 INFO  TC_RF_001:178 - Chrome Driver Initialization completed successfully.
2026-10-05 23:10:18 INFO  TC_RF_003:178 - Chrome Driver Initialization completed successfully.
2026-10-05 23:10:25 INFO  TC_RF_003:178 - Navigating to target application home page.
2026-10-05 23:10:26 INFO  TC_RF_003:178 - User Clicked on 'My Account' Dropdown
2026-10-05 23:10:27 INFO  TC_RF_003:178 - Navigating to the Register Account Page.
2026-10-05 23:10:27 INFO  RegisterAccountPage:72 - Register Account
2026-10-05 23:10:27 INFO  TC_RF_003:178 - Successfully navigated to Register Account Page...!
2026-10-05 23:10:28 INFO  TC_RF_003:178 - Entered All Mandatory Details...!
2026-10-05 23:10:30 INFO  TC_RF_003:178 - Account Confirmation Page Displayed...!
2026-10-05 23:10:30 INFO  TC_RF_003:178 - Navigating to the 'My Account' Page.
2026-10-05 23:10:30 INFO  TC_RF_003:178 - Successfully Navigated to 'My Account' Page
2026-10-05 23:10:31 INFO  TC_RF_003:178 - Successfully Logged Out...!
2026-10-05 23:10:32 INFO  TC_RF_003:178 - ChromeDriver: chrome on windows (null) -- Driver is closed Successfully...!
2026-10-05 23:10:34 INFO  TC_RF_004:178 - Chrome Driver Initialization completed successfully.
2026-10-05 23:10:43 INFO  TC_RF_004:178 - Navigating to the Target Application Home Page
2026-10-05 23:10:43 INFO  TC_RF_004:178 - User clicked on MyAccount Dropdown
2026-10-05 23:10:44 INFO  TC_RF_004:178 - Navigating to the Register Account Page.
2026-10-05 23:10:44 INFO  RegisterAccountPage:72 - Register Account
2026-10-05 23:10:45 INFO  TC_RF_004:178 - Validating warning messages for Respective fields: 
2026-10-05 23:10:46 INFO  RegisterAccountPage:164 - Privacy Policy Banner vertical X-coordinate position is: 105
2026-10-05 23:10:46 INFO  RegisterAccountPage:165 - Privacy Policy Banner vertical Y-coordinate position is: 250
2026-10-05 23:10:46 INFO  TC_RF_004:178 - Validation of warning messages completed successfully for all respective fields.
2026-10-05 23:10:46 INFO  TC_RF_004:178 - ChromeDriver: chrome on windows (null) -- Driver is closed Successfully...!
2026-10-05 23:15:14 INFO  TC_RF_001:178 - Chrome Driver Initialization completed successfully.
2026-10-05 23:15:18 INFO  TC_RF_003:178 - Chrome Driver Initialization completed successfully.
2026-10-05 23:15:24 INFO  TC_RF_003:178 - Navigating to target application home page.
2026-10-05 23:15:24 INFO  TC_RF_003:178 - User Clicked on 'My Account' Dropdown
2026-10-05 23:15:25 INFO  TC_RF_003:178 - Navigating to the Register Account Page.
2026-10-05 23:15:25 INFO  RegisterAccountPage:72 - Register Account
2026-10-05 23:15:25 INFO  TC_RF_003:178 - Successfully navigated to Register Account Page...!
2026-10-05 23:15:26 INFO  TC_RF_003:178 - Entered All Mandatory Details...!
2026-10-05 23:15:28 INFO  TC_RF_003:178 - Account Confirmation Page Displayed...!
2026-10-05 23:15:29 INFO  TC_RF_003:178 - Navigating to the 'My Account' Page.
2026-10-05 23:15:29 INFO  TC_RF_003:178 - Successfully Navigated to 'My Account' Page
2026-10-05 23:15:30 INFO  TC_RF_003:178 - Successfully Logged Out...!
2026-10-05 23:15:30 INFO  TC_RF_003:178 - ChromeDriver: chrome on windows (null) -- Driver is closed Successfully...!
2026-10-05 23:15:34 INFO  TC_RF_004:178 - Chrome Driver Initialization completed successfully.
2026-10-05 23:15:49 INFO  TC_RF_004:178 - Navigating to the Target Application Home Page
2026-10-05 23:15:49 INFO  TC_RF_004:178 - User clicked on MyAccount Dropdown
2026-10-05 23:15:51 INFO  TC_RF_004:178 - Navigating to the Register Account Page.
2026-10-05 23:15:51 INFO  RegisterAccountPage:72 - Register Account
2026-10-05 23:15:52 INFO  TC_RF_004:178 - Validating warning messages for Respective fields: 
2026-10-05 23:15:52 INFO  RegisterAccountPage:164 - Privacy Policy Banner vertical X-coordinate position is: 105
2026-10-05 23:15:52 INFO  RegisterAccountPage:165 - Privacy Policy Banner vertical Y-coordinate position is: 250
2026-10-05 23:15:52 INFO  TC_RF_004:178 - Validation of warning messages completed successfully for all respective fields.
2026-10-05 23:15:54 INFO  TC_RF_004:178 - ChromeDriver: chrome on windows (null) -- Driver is closed Successfully...!
2026-10-05 23:17:52 INFO  TC_RF_001:63 - ChromeDriver: chrome on windows (6df4464ab2e78e11e9f425225074baa5) Driver Initialization completed successfully.
2026-10-05 23:17:55 INFO  TC_RF_001:178 - Navigating to target application home page.
2026-10-05 23:17:55 INFO  TC_RF_001:178 - Clicking on the 'My Account' dropdown navigation header.
2026-10-05 23:17:56 INFO  TC_RF_001:178 - Selecting the 'Register' account redirection link.
2026-10-05 23:17:56 INFO  RegisterAccountPage:72 - Register Account
2026-10-05 23:17:56 INFO  TC_RF_001:178 - Successfully navigated to Register Account Page...!
2026-10-05 23:17:59 INFO  TC_RF_001:178 - Account Registration Completed for New User.
2026-10-05 23:18:00 INFO  TC_RF_001:178 - User Successfully Logged out..!
2026-10-05 23:18:01 INFO  TC_RF_001:74 - ChromeDriver: chrome on windows (null) -- Driver is closed Successfully...!
2026-10-05 23:18:03 INFO  TC_RF_003:63 - ChromeDriver: chrome on windows (714495ee67d04095b01034a5e4ca57c2) Driver Initialization completed successfully.
2026-10-05 23:18:08 INFO  TC_RF_003:178 - Navigating to target application home page.
2026-10-05 23:18:08 INFO  TC_RF_003:178 - User Clicked on 'My Account' Dropdown
2026-10-05 23:18:09 INFO  TC_RF_003:178 - Navigating to the Register Account Page.
2026-10-05 23:18:09 INFO  RegisterAccountPage:72 - Register Account
2026-10-05 23:18:09 INFO  TC_RF_003:178 - Successfully navigated to Register Account Page...!
2026-10-05 23:18:11 INFO  TC_RF_003:178 - Entered All Mandatory Details...!
2026-10-05 23:18:14 INFO  TC_RF_003:178 - Account Confirmation Page Displayed...!
2026-10-05 23:18:15 INFO  TC_RF_003:178 - Navigating to the 'My Account' Page.
2026-10-05 23:18:15 INFO  TC_RF_003:178 - Successfully Navigated to 'My Account' Page
2026-10-05 23:18:17 INFO  TC_RF_003:178 - Successfully Logged Out...!
2026-10-05 23:18:18 INFO  TC_RF_003:74 - ChromeDriver: chrome on windows (null) -- Driver is closed Successfully...!
2026-10-05 23:18:23 INFO  TC_RF_004:63 - ChromeDriver: chrome on windows (e34f4cdf14cc476130eb501f72233f17) Driver Initialization completed successfully.
2026-10-05 23:18:28 INFO  TC_RF_004:178 - Navigating to the Target Application Home Page
2026-10-05 23:18:28 INFO  TC_RF_004:178 - User clicked on MyAccount Dropdown
2026-10-05 23:18:31 INFO  TC_RF_004:178 - Navigating to the Register Account Page.
2026-10-05 23:18:32 INFO  RegisterAccountPage:72 - Register Account
2026-10-05 23:18:33 INFO  TC_RF_004:178 - Validating warning messages for Respective fields: 
2026-10-05 23:18:33 INFO  RegisterAccountPage:164 - Privacy Policy Banner vertical X-coordinate position is: 105
2026-10-05 23:18:33 INFO  RegisterAccountPage:165 - Privacy Policy Banner vertical Y-coordinate position is: 250
2026-10-05 23:18:33 INFO  TC_RF_004:178 - Validation of warning messages completed successfully for all respective fields.
2026-10-05 23:18:34 INFO  TC_RF_004:74 - ChromeDriver: chrome on windows (null) -- Driver is closed Successfully...!
